requests.exceptions.ConnectionError: HTTPConnectionPool(host='l
ocalhost', port=8000): Max retries exceeded with url: /api/syst
em/status (Caused by NewConnectionError('<urllib3.connection.HT
TPConnection object at 0x000002184FF50700>: Failed to establish
 a new connection: [WinError 10061] 由于目标计算机积极拒绝，无法连接。'))
